// Jest Snapshot v1, https://goo.gl/fbAQLP

exports[`Home page matches snapshot 1`] = `
<DocumentFragment>
  <div
    class="container"
  >
    <main>
      <ul>
        <li>
          <a
            href="/id-protection"
          >
            ID Protection
          </a>
        </li>
        <li>
          <a
            href="/creditlock"
          >
            Credit Lock
          </a>
        </li>
      </ul>
    </main>
  </div>
</DocumentFragment>
`;
